[2026-05-01 00:21:11] 开始：共 1 文件待处理（已跳过 0 已处理）
[2026-05-01 00:21:39] [1/1] ✗ FAIL 吞佛童子.md in=909 out=787 tok=1785/1563 | 匹配率 26.7%（阈值 85%），疑似含原文外内容。失败片段示例：['============异度魔界战神，身负开启赦', '异度魔界战神，身负开启赦道使命。个性冷酷无情，狡', '道使命。个性冷酷无情，狡黠聪明，心机深沉难测，为']
[2026-05-01 00:21:39] 
完成：成功 0，失败 1，总 token 输入 1,785，输出 1,563
[2026-05-01 00:35:05] 开始：共 1 文件待处理（已跳过 0 已处理）
[2026-05-01 00:35:42] [1/1] ✗ FAIL 吞佛童子.md in=909 out=899 tok=1801/2325 | 匹配率 47.4%（阈值 85%），疑似含原文外内容。失败片段示例：['却也被其感化…。基本信息字段值-', '基本信息字段值------性别男', '-----性别男初登场霹雳剑踪第']
[2026-05-01 00:35:42] 
完成：成功 0，失败 1，总 token 输入 1,801，输出 2,325
[2026-05-01 00:36:53] 开始：共 1 文件待处理（已跳过 0 已处理）
[2026-05-01 00:37:24] [1/1] ✓ DRY 吞佛童子.md in=909 out=1092 tok=1801/2093 | 匹配率 86.3%
[2026-05-01 00:37:24] 
完成：成功 1，失败 0，总 token 输入 1,801，输出 2,093
[2026-05-01 00:38:30] 开始：共 1 文件待处理（已跳过 0 已处理）
[2026-05-01 00:44:38] [1/1] ✗ FAIL 素还真.md in=0 out=0 tok=0/0 | API 错误：APIConnectionError: Connection error.
[2026-05-01 00:44:38] 
完成：成功 0，失败 1，总 token 输入 0，输出 0
[2026-05-01 00:55:54] 开始：共 1 文件待处理（已跳过 0 已处理）
[2026-05-01 00:56:08] [1/1] ✓ DRY [mimo] 一刀斋.md in=608 out=545 tok=1524/799 | 匹配率 100.0%
[2026-05-01 00:56:08] 
完成：成功 1，失败 0，总 token 输入 1,524，输出 799
[2026-05-01 00:56:09] 开始：共 1 文件待处理（已跳过 0 已处理）
[2026-05-01 00:56:12] [1/1] ✗ FAIL [kimi] 史艳文.md in=0 out=0 tok=0/0 | API 错误：BadRequestError: Error code: 400 - {'error': {'type': 'Bad Request', 'message': 'invalid temperature: only 1 is allowed for this model'}, 'type': 'error', 'request_id': 'f9f3fdae-1356-4df9-af16-f17aa0019383'}
[2026-05-01 00:56:12] 
完成：成功 0，失败 1，总 token 输入 0，输出 0
[2026-05-01 00:56:33] 开始：共 1 文件待处理（已跳过 0 已处理）
[2026-05-01 01:21:14] 开始：共 1 文件待处理（已跳过 0 已处理）
[2026-05-01 01:26:35] 开始：共 1 文件待处理（已跳过 0 已处理）
[2026-05-01 01:28:54] 开始：共 1 文件待处理（已跳过 0 已处理）
[2026-05-01 01:31:02] [1/1] ✓ DRY [mimo-v2.5] 史艳文.md in=23730 out=23715 tok=19364/18785 | 匹配率 99.9%
[2026-05-01 01:31:02] 
完成：成功 1，失败 0，总 token 输入 19,364，输出 18,785
[2026-05-01 01:36:12] 开始：共 50 文件待处理（已跳过 248 已处理）
[2026-05-01 01:40:02] [1/50] ✓ APPLIED [mimo-v2.5] 天迹.md in=44490 out=34119 tok=40713/32000 | 匹配率 99.2%
[2026-05-01 01:42:32] [2/50] ✓ APPLIED [mimo-v2.5] 俏如来.md in=30476 out=27453 tok=24516/22260 | 匹配率 99.7%
[2026-05-01 01:45:14] [3/50] ✓ APPLIED [mimo-v2.5] 素还真.md in=28839 out=28778 tok=23975/23788 | 匹配率 99.4%
[2026-05-01 01:47:26] [4/50] ✓ APPLIED [mimo-v2.5] 藏镜人.md in=24741 out=24779 tok=19983/19499 | 匹配率 99.9%
[2026-05-01 01:49:55] [5/50] ✓ APPLIED [mimo-v2.5] 乱世狂刀.md in=25036 out=24440 tok=20002/20210 | 匹配率 99.3%
[2026-05-01 01:52:18] [6/50] ✓ APPLIED [mimo-v2.5] 一页书.md in=25448 out=26291 tok=21067/21180 | 匹配率 95.8%
[2026-05-01 01:54:35] [7/50] ✓ APPLIED [mimo-v2.5] 鳞王.md in=24563 out=24658 tok=20408/20021 | 匹配率 99.8%
[2026-05-01 01:57:04] [8/50] ✓ APPLIED [mimo-v2.5] 北冥封宇.md in=24547 out=24586 tok=20393/19924 | 匹配率 99.7%
[2026-05-01 01:59:34] [9/50] ✓ APPLIED [mimo-v2.5] 风之痕.md in=24088 out=23821 tok=20287/19722 | 匹配率 99.8%
[2026-05-01 02:02:31] [10/50] ✓ APPLIED [mimo-v2.5] 雁王.md in=23586 out=24051 tok=18352/23241 | 匹配率 99.4%
[2026-05-01 02:04:48] [11/50] ✓ APPLIED [mimo-v2.5] 屈世途.md in=22892 out=22908 tok=19604/19044 | 匹配率 99.9%
[2026-05-01 02:07:08] [12/50] ✓ APPLIED [mimo-v2.5] 史艳文.md in=23730 out=23735 tok=19364/18783 | 匹配率 99.9%
[2026-05-01 02:09:26] [13/50] ✓ APPLIED [mimo-v2.5] 风间烈.md in=23669 out=23668 tok=18797/18522 | 匹配率 100.0%
[2026-05-01 02:11:32] [14/50] ✓ APPLIED [mimo-v2.5] 欲星移.md in=22293 out=22166 tok=18309/17681 | 匹配率 99.4%
[2026-05-01 02:13:29] [15/50] ✓ APPLIED [mimo-v2.5] 默苍离.md in=22194 out=21991 tok=17692/17435 | 匹配率 100.0%
[2026-05-01 02:15:47] [16/50] ✓ APPLIED [mimo-v2.5] 青阳子.md in=21963 out=22676 tok=18650/19040 | 匹配率 98.6%
[2026-05-01 02:17:00] [17/50] ✓ APPLIED [mimo-v2.5] 御魂笑光辉.md in=21781 out=11382 tok=17294/9874 | 匹配率 98.8%
[2026-05-01 02:19:04] [18/50] ✓ APPLIED [mimo-v2.5] 原无乡.md in=21714 out=21307 tok=18530/18014 | 匹配率 97.6%
[2026-05-01 02:19:05] [19/50] ✗ FAIL [mimo-v2.5] 燹王.md in=20943 out=60 tok=0/0 | 输出太短
[2026-05-01 02:21:16] [20/50] ✓ APPLIED [mimo-v2.5] 谈无欲.md in=20861 out=20876 tok=18170/17828 | 匹配率 99.9%
[2026-05-01 02:23:09] [21/50] ✓ APPLIED [mimo-v2.5] 北竞王.md in=20895 out=20902 tok=16198/15712 | 匹配率 99.8%
[2026-05-01 02:25:19] [22/50] ✓ APPLIED [mimo-v2.5] 叶小钗.md in=21067 out=21160 tok=18007/17505 | 匹配率 99.9%
[2026-05-01 02:27:40] [23/50] ✓ APPLIED [mimo-v2.5] 倦收天.md in=21048 out=23574 tok=18445/19775 | 匹配率 92.1%
[2026-05-01 02:29:54] [24/50] ✓ APPLIED [mimo-v2.5] 青阳.md in=19884 out=20853 tok=17180/17559 | 匹配率 97.8%
[2026-05-01 02:32:01] [25/50] ✓ APPLIED [mimo-v2.5] 脱俗仙子.md in=19276 out=21105 tok=17161/17979 | 匹配率 98.8%
[2026-05-01 02:33:53] [26/50] ✓ APPLIED [mimo-v2.5] 玄狐.md in=19352 out=20615 tok=15570/16112 | 匹配率 94.4%
[2026-05-01 02:39:18] [27/50] ✓ APPLIED [mimo-v2.5] 黑白郎君.md in=18769 out=18768 tok=15747/15388 | 匹配率 100.0%
[2026-05-01 02:40:52] [28/50] ✓ APPLIED [mimo-v2.5] 枫岫主人.md in=18533 out=18575 tok=14673/14072 | 匹配率 100.0%
[2026-05-01 02:42:24] [29/50] ✓ APPLIED [mimo-v2.5] 北冥觞.md in=17774 out=17814 tok=14861/14620 | 匹配率 100.0%
[2026-05-01 02:43:54] [30/50] ✓ APPLIED [mimo-v2.5] 疏楼龙宿.md in=17296 out=17049 tok=15282/14661 | 匹配率 99.3%
[2026-05-01 02:45:22] [31/50] ✓ APPLIED [mimo-v2.5] 神蛊温皇.md in=17398 out=16655 tok=14805/13567 | 匹配率 99.3%
[2026-05-01 02:45:22] [32/50] ✗ FAIL [mimo-v2.5] 超轶主.md in=16253 out=60 tok=0/0 | 输出太短
[2026-05-01 02:47:03] [33/50] ✓ APPLIED [mimo-v2.5] 剑子仙迹.md in=17200 out=17113 tok=15092/14501 | 匹配率 99.5%
[2026-05-01 02:48:33] [34/50] ✓ APPLIED [mimo-v2.5] 苍越孤鸣.md in=15949 out=15835 tok=13819/13663 | 匹配率 99.1%
[2026-05-01 02:50:08] [35/50] ✓ APPLIED [mimo-v2.5] 鹤白丁.md in=15266 out=15407 tok=13447/14185 | 匹配率 99.9%
[2026-05-01 02:51:39] [36/50] ✓ APPLIED [mimo-v2.5] 罗喉.md in=15691 out=15690 tok=12781/12806 | 匹配率 99.8%
[2026-05-01 02:51:53] [37/50] ✓ APPLIED [mimo-v2.5] 阴阳师.md in=15607 out=1139 tok=12304/1508 | 匹配率 89.1%
[2026-05-01 02:53:12] [38/50] ✓ APPLIED [mimo-v2.5] 秦假仙.md in=14116 out=14071 tok=12214/11648 | 匹配率 99.4%
[2026-05-01 02:54:24] [39/50] ✓ APPLIED [mimo-v2.5] 拂樱斋主.md in=13837 out=13798 tok=11085/10528 | 匹配率 99.9%
[2026-05-01 02:55:53] [40/50] ✓ APPLIED [mimo-v2.5] 君奉天.md in=14084 out=15780 tok=12610/13536 | 匹配率 97.5%
[2026-05-01 02:57:10] [41/50] ✓ APPLIED [mimo-v2.5] 地冥.md in=13595 out=13568 tok=11372/11225 | 匹配率 98.4%
[2026-05-01 02:58:01] [42/50] ✓ APPLIED [mimo-v2.5] 魔皇.md in=13642 out=7168 tok=11057/7109 | 匹配率 100.0%
[2026-05-01 02:59:17] [43/50] ✓ APPLIED [mimo-v2.5] 元邪皇.md in=12778 out=12813 tok=11259/11261 | 匹配率 99.4%
[2026-05-01 03:00:33] [44/50] ✓ APPLIED [mimo-v2.5] 最光阴.md in=13179 out=13006 tok=11514/10835 | 匹配率 99.9%
[2026-05-01 03:01:55] [45/50] ✓ APPLIED [mimo-v2.5] 刀无极.md in=13168 out=12949 tok=11636/11337 | 匹配率 99.8%
[2026-05-01 03:03:24] [46/50] ✓ APPLIED [mimo-v2.5] 六祸苍龙.md in=12565 out=12476 tok=10816/12567 | 匹配率 99.3%
[2026-05-01 03:04:43] [47/50] ✓ APPLIED [mimo-v2.5] 赭杉军.md in=12295 out=12341 tok=11348/10920 | 匹配率 99.8%
[2026-05-01 03:05:57] [48/50] ✓ APPLIED [mimo-v2.5] 缺舟一帆渡.md in=11981 out=12075 tok=10141/9825 | 匹配率 99.4%
[2026-05-01 03:07:11] [49/50] ✓ APPLIED [mimo-v2.5] 地冥·.md in=12011 out=11982 tok=10382/10691 | 匹配率 99.4%
[2026-05-01 03:08:12] [50/50] ✓ APPLIED [mimo-v2.5] 玄真君.md in=12154 out=12200 tok=9740/9266 | 匹配率 99.3%
[2026-05-01 03:08:12] 
完成：成功 48，失败 2，总 token 输入 786,652，输出 752,427
