[00:53:36] 开始：3 个角色待抓 baidu，延迟 1.5s
[00:53:43] [1/3] ✗ 乌蕾娜  fetch 失败
[00:53:52] [2/3] ✗ 休德里安  fetch 失败
[00:54:00] [3/3] ✗ 伯阳侯  fetch 失败
[00:54:00] 
完成：成功 0，失败 3，已缓存跳过 0
[02:24:39] 开始：10 个角色待抓 baidu，延迟 2.0s/请求
[02:25:11] 开始：10 个角色待抓 baidu，延迟 3.0s/请求
[02:25:30] [1/10] ✓ 乌蕾娜 抓 664 字
[02:25:35] [2/10] ✓ 休德里安 抓 602 字
[02:25:41] [3/10] ✗ 伯阳侯 非布袋戏内容或无主体
[02:25:46] [4/10] ✗ 伯阳候 非布袋戏内容或无主体
[02:25:54] [5/10] ✗ 佩雷斯 非布袋戏内容或无主体
[02:26:02] [6/10] ✗ 天工诡匠 非布袋戏内容或无主体
[02:26:08] [7/10] ✗ 妖荼黎 非布袋戏内容或无主体
[02:26:16] [8/10] ✗ 安索亚特 非布袋戏内容或无主体
[02:26:22] [9/10] ✓ 异飘渺 抓 362 字
[02:26:27] [10/10] ✗ 殁王 非布袋戏内容或无主体
[02:26:27] 
完成：成功 3，失败 7，缓存跳过 0
[02:28:47] 开始：10 个角色待抓 baidu，延迟 3.0s/请求
[02:28:50] [1/10] ✗ 乌蕾娜 非布袋戏内容或无主体
[02:28:56] [2/10] ✗ 休德里安 非布袋戏内容或无主体
[02:29:01] [3/10] ✗ 伯阳侯 非布袋戏内容或无主体
[02:29:06] [4/10] ✗ 伯阳候 非布袋戏内容或无主体
[02:29:12] [5/10] ✗ 佩雷斯 非布袋戏内容或无主体
[02:29:33] [6/10] ✗ 天工诡匠 网络/超时（3 次重试都失败）
[02:29:55] [7/10] ✗ 妖荼黎 网络/超时（3 次重试都失败）
[02:30:15] [8/10] ✗ 安索亚特 非布袋戏内容或无主体
[02:30:21] [9/10] ✗ 异飘渺 非布袋戏内容或无主体
[02:30:27] [10/10] ✗ 殁王 非布袋戏内容或无主体
[02:30:27] 
完成：成功 0，失败 10，缓存跳过 0
[02:31:33] 开始：10 个角色待抓 baidu，延迟 3.0s/请求
[02:31:38] [1/10] ✓ 乌蕾娜 抓 709 字
[02:31:46] [2/10] ✓ 休德里安 抓 736 字
[02:31:51] [3/10] ✗ 伯阳侯 非布袋戏内容或无主体
[02:32:13] [4/10] ✗ 伯阳候 网络/超时（3 次重试都失败）
[02:32:35] [5/10] ✗ 佩雷斯 网络/超时（3 次重试都失败）
[02:32:58] [6/10] ✗ 天工诡匠 网络/超时（3 次重试都失败）
[02:33:21] [7/10] ✗ 妖荼黎 网络/超时（3 次重试都失败）
[02:33:42] [8/10] ✗ 安索亚特 网络/超时（3 次重试都失败）
[02:34:03] [9/10] ✗ 异飘渺 网络/超时（3 次重试都失败）
[02:34:26] [10/10] ✓ 殁王 抓 540 字
[02:34:26] 
完成：成功 3，失败 7，缓存跳过 0
[02:36:38] 开始：10 个角色待抓 baidu，延迟 8.0s/请求
[02:37:02] [1/10] ✗ 乌蕾娜 网络/超时（3 次重试都失败）
[02:37:34] [2/10] ✗ 休德里安 网络/超时（3 次重试都失败）
[02:38:06] [3/10] ✗ 伯阳侯 网络/超时（3 次重试都失败）
[02:38:36] [4/10] ✗ 伯阳候 非布袋戏内容或无主体
[02:38:46] [5/10] ✗ 佩雷斯 非布袋戏内容或无主体
[02:39:01] [6/10] ✓ 天工诡匠 抓 537 字
[02:39:29] [7/10] ✗ 妖荼黎 非布袋戏内容或无主体
[02:39:40] [8/10] ✓ 安索亚特 抓 400 字
[02:39:55] [9/10] ✓ 异飘渺 抓 357 字
[02:40:05] [10/10] ✓ 殁王 抓 539 字
[02:40:05] 
完成：成功 4，失败 6，缓存跳过 0
[02:41:08] 开始：10 个角色待抓 baidu，延迟 12.0s/请求
[02:41:32] [1/10] ✗ 乌蕾娜 网络/超时（3 次重试都失败）
[02:41:47] [2/10] ✓ 休德里安 抓 733 字
[02:42:17] [3/10] ✗ 伯阳侯 非布袋戏内容或无主体
[02:42:48] [4/10] ✗ 伯阳候 非布袋戏内容或无主体
[02:43:01] [5/10] ✗ 佩雷斯 非布袋戏内容或无主体
[02:43:14] [6/10] ✓ 天工诡匠 抓 537 字
[02:43:46] [7/10] ✗ 妖荼黎 非布袋戏内容或无主体
[02:43:59] [8/10] ✓ 安索亚特 抓 400 字
[02:44:13] [9/10] ✓ 异飘渺 抓 357 字
[02:44:27] [10/10] ✓ 殁王 抓 539 字
[02:44:27] 
完成：成功 5，失败 5，缓存跳过 0
[03:08:37] 开始：20 个角色待抓 baidu，延迟 12.0s/请求
[03:08:39] [1/20] ✓ 乌蕾娜 抓 719 字
[03:09:11] [3/20] ✗ 伯阳侯 非布袋戏内容或无主体
[03:09:42] [4/20] ✗ 伯阳候 非布袋戏内容或无主体
[03:09:56] [5/20] ✗ 佩雷斯 非布袋戏内容或无主体
[03:10:26] [7/20] ✗ 妖荼黎 网络/超时（3 次重试都失败）
[03:11:02] [11/20] ✗ 祐清 网络/超时（3 次重试都失败）
[03:11:38] [12/20] ✗ 芙尔雷伊 网络/超时（3 次重试都失败）
[03:12:06] [13/20] ✓ 花无踪 抓 870 字
[03:12:20] [14/20] ✓ 葬心娇 抓 936 字
[03:12:33] [15/20] ✓ 裂魔弦 抓 964 字
[03:12:47] [16/20] ✓ 谛空 抓 1,017 字
[03:13:00] [17/20] ✓ 迦丽 抓 406 字
[03:13:13] [18/20] ✓ 阿契努斯 抓 691 字
[03:13:44] [19/20] ✗ 霸王玉 非布袋戏内容或无主体
[03:13:58] [20/20] ✓ 鬼夺天工 抓 409 字
[03:13:58] 
完成：成功 8，失败 7，缓存跳过 5
